✓ Lockfile passes supply-chain policies (verified 2d ago)
Progress: resolved 1, reused 0, downloaded 0, added 0
Progress: resolved 18, reused 16, downloaded 0, added 0
[WARN] deprecated eslint@9.39.4: This version is no longer supported. Please see https://eslint.org/version-support for other options.
Progress: resolved 25, reused 22, downloaded 0, added 0
Progress: resolved 26, reused 22, downloaded 0, added 0
Progress: resolved 27, reused 24, downloaded 0, added 0
Progress: resolved 69, reused 25, downloaded 0, added 0
Progress: resolved 80, reused 36, downloaded 0, added 0
Progress: resolved 136, reused 54, downloaded 1, added 0
Progress: resolved 198, reused 79, downloaded 1, added 0
Progress: resolved 240, reused 200, downloaded 2, added 0
Progress: resolved 293, reused 237, downloaded 2, added 0
Progress: resolved 350, reused 282, downloaded 7, added 0
Progress: resolved 407, reused 306, downloaded 12, added 0
Progress: resolved 450, reused 339, downloaded 13, added 0
Progress: resolved 518, reused 375, downloaded 15, added 0
Progress: resolved 535, reused 445, downloaded 17, added 0
Progress: resolved 535, reused 448, downloaded 19, added 0
Progress: resolved 540, reused 451, downloaded 19, added 0
Progress: resolved 607, reused 480, downloaded 19, added 0
Progress: resolved 720, reused 583, downloaded 23, added 0
Progress: resolved 773, reused 636, downloaded 25, added 0
Progress: resolved 915, reused 782, downloaded 27, added 0
Progress: resolved 915, reused 782, downloaded 30, added 0
Progress: resolved 922, reused 783, downloaded 34, added 0
Progress: resolved 926, reused 783, downloaded 36, added 0
Progress: resolved 926, reused 783, downloaded 39, added 0
Progress: resolved 927, reused 783, downloaded 39, added 0
Progress: resolved 927, reused 783, downloaded 40, added 0
Progress: resolved 927, reused 783, downloaded 41, added 0
Progress: resolved 927, reused 783, downloaded 42, added 0
[WARN] Request took 32099ms: https://registry.npmjs.org/@webassemblyjs%2Fwasm-edit
Progress: resolved 928, reused 783, downloaded 42, added 0
Progress: resolved 951, reused 786, downloaded 60, added 0
[WARN] 2 deprecated subdependencies found: @ungap/structured-clone@1.3.0, node-domexception@1.0.0
Progress: resolved 953, reused 787, downloaded 63, added 0
Packages: +146 -42
++++++++++++++++++++++++++++++++++++++++++++++++++++++++++++++------------------
Progress: resolved 953, reused 787, downloaded 64, added 11
Progress: resolved 953, reused 787, downloaded 64, added 49
Progress: resolved 953, reused 787, downloaded 64, added 54
Progress: resolved 953, reused 787, downloaded 64, added 82
Progress: resolved 953, reused 787, downloaded 64, added 145
Progress: resolved 953, reused 787, downloaded 65, added 145
Progress: resolved 953, reused 787, downloaded 65, added 146
Progress: resolved 953, reused 787, downloaded 65, added 146, done

dependencies:
+ @sentry/nextjs 10.70.0

[ERR_PNPM_IGNORED_BUILDS] Ignored build scripts: @sentry/cli@2.58.6

Run "pnpm approve-builds" to pick which dependencies should be allowed to run scripts.
